[
  {
    "file": "/usr/local/zig/zig-linux-aarch64-0.11.0-dev.3886+0c1bfe271/lib/std/start.zig",
    "line": 592,
    "column": 44,
    "message": "'main' is not marked 'pub'",
    "severity": 0
  },
  {
    "file": "/project/root/examples/spell_checker.zig",
    "line": 3,
    "column": 0,
    "message": "'main' is not marked 'pub'\ndeclared here",
    "severity": 2
  },
  {
    "file": "/usr/local/zig/zig-linux-aarch64-0.11.0-dev.3886+0c1bfe271/lib/std/start.zig",
    "line": 541,
    "column": 11,
    "message": "'main' is not marked 'pub'\ncalled from here",
    "severity": 2
  },
  {
    "file": "/usr/local/zig/zig-linux-aarch64-0.11.0-dev.3886+0c1bfe271/lib/std/start.zig",
    "line": 491,
    "column": 35,
    "message": "'main' is not marked 'pub'\ncalled from here",
    "severity": 2
  },
  {
    "file": "/usr/local/zig/zig-linux-aarch64-0.11.0-dev.3886+0c1bfe271/lib/std/start.zig",
    "line": 454,
    "column": 16,
    "message": "'main' is not marked 'pub'\ncalled from here",
    "severity": 2
  }
]