[
  {
    "file": "/home/ianic/zig/io_uring/loop/src/tcp.zig",
    "line": 217,
    "column": 28,
    "message": "panic: access of union field 'send' while field 'accept' is active\nin write (test)",
    "severity": 0
  },
  {
    "file": "/home/ianic/zig/io_uring/loop/src/tcp_echo_test.zig",
    "line": 185,
    "column": 29,
    "message": "panic: access of union field 'send' while field 'accept' is active\nin writeResolve (test)",
    "severity": 0
  },
  {
    "file": "/home/ianic/zig/io_uring/loop/src/tcp.zig",
    "line": 184,
    "column": 27,
    "message": "panic: access of union field 'send' while field 'accept' is active\nin complete (test)",
    "severity": 0
  },
  {
    "file": "/home/ianic/zig/io_uring/loop/src/completion.zig",
    "line": 111,
    "column": 21,
    "message": "panic: access of union field 'send' while field 'accept' is active\nin completed (test)",
    "severity": 0
  },
  {
    "file": "/home/ianic/zig/io_uring/loop/src/loop.zig",
    "line": 107,
    "column": 36,
    "message": "panic: access of union field 'send' while field 'accept' is active\nin flush_completions (test)",
    "severity": 0
  },
  {
    "file": "/home/ianic/zig/io_uring/loop/src/loop.zig",
    "line": 71,
    "column": 56,
    "message": "panic: access of union field 'send' while field 'accept' is active\nin run (test)",
    "severity": 0
  },
  {
    "file": "/usr/local/zig/zig-linux-aarch64-0.11.0-dev.3886+0c1bfe271/lib/std/Thread.zig",
    "line": 432,
    "column": 12,
    "message": "panic: access of union field 'send' while field 'accept' is active\nin callFn__anon_7160 (test)",
    "severity": 0
  },
  {
    "file": "/usr/local/zig/zig-linux-aarch64-0.11.0-dev.3886+0c1bfe271/lib/std/Thread.zig",
    "line": 1209,
    "column": 29,
    "message": "panic: access of union field 'send' while field 'accept' is active\nin entryFn (test)",
    "severity": 0
  }
]