[
  {
    "file": "/home/ianic/zig/io_uring/loop/src/tcp_echo_test.zig",
    "line": 389,
    "column": 31,
    "message": "panic: reached unreachable code",
    "severity": 0
  },
  {
    "file": "/usr/local/zig/zig-linux-aarch64-0.11.0-dev.3886+0c1bfe271/lib/std/debug.zig",
    "line": 257,
    "column": 13,
    "message": "panic: reached unreachable code\nin assert (test)",
    "severity": 0
  },
  {
    "file": "/home/ianic/zig/io_uring/loop/src/tcp.zig",
    "line": 289,
    "column": 14,
    "message": "panic: reached unreachable code\nin shutdown (test)",
    "severity": 0
  },
  {
    "file": "/home/ianic/zig/io_uring/loop/src/tcp.zig",
    "line": 200,
    "column": 28,
    "message": "panic: reached unreachable code\nin shutdown (test)",
    "severity": 0
  }
]